// Vitest Snapshot v1, https://vitest.dev/guide/snapshot.html

exports[`parse html 1`] = `
[
  [
    "b",
    [
      "Make any website your Mac desktop wallpaper.&nbsp;",
    ],
  ],
]
`;

exports[`parse html with block tags 1`] = `
[
  [
    "b",
    [
      "Make any website your Mac desktop wallpaper.&nbsp;",
    ],
  ],
  [
    "div",
    [
      [
        "b",
      ],
    ],
  ],
  [
    "div",
    [
      "Plash enables you to have a highly dynamic ",
      [
        "a",
        [
          "desktop wallpaper.",
        ],
        {
          "href": "https://github.com",
          "style": "",
        },
      ],
      " You could display your favorite news site, Facebook feed, or a random beautiful scenery photo.",
    ],
  ],
]
`;

exports[`serialize html 1`] = `"<b>Make any website your Mac desktop wallpaper.&nbsp;</b>"`;

exports[`serialize html with block tags 1`] = `"<b>Make any website your Mac desktop wallpaper.&nbsp;</b><div><b></b></div><div>Plash enables you to have a highly dynamic <a href="https://github.com" style="">desktop wallpaper.</a> You could display your favorite news site, Facebook feed, or a random beautiful scenery photo.</div>"`;
